===== STDOUT =====

Running on R9ZY40T6PHN
 > Flow Sc_08_Verify_Account_Subscription_details
Launch app "com.mobstac.thehindu" with clear state... COMPLETED
Run ../Common/LOGIN.yaml...
  Wait for animation to end... COMPLETED
  Wait for animation to end... COMPLETED
  Wait for animation to end... COMPLETED
  Run flow when "HAVE AN ACCOUNT? LOGIN" is visible...
    Tap on "HAVE AN ACCOUNT? LOGIN"... COMPLETED
  Run flow when "HAVE AN ACCOUNT? LOGIN" is visible... COMPLETED
  Wait for animation to end... COMPLETED
  Assert that "Email" is visible... COMPLETED
  Tap on "Email"... COMPLETED
  Input text product.testing@thehindu.co.in... COMPLETED
  Hide Keyboard... COMPLETED
  Wait for animation to end... COMPLETED
  Assert that "NEXT.*|Next.*|HAVE AN ACCOUNT.*LOGIN" is visible... COMPLETED
  Run flow when "HAVE AN ACCOUNT.*LOGIN" is visible...
    Tap on "HAVE AN ACCOUNT.*LOGIN"... COMPLETED
    Assert that "Email" is visible... COMPLETED
    Tap on "Email"... COMPLETED
    Input text product.testing@thehindu.co.in... COMPLETED
    Hide Keyboard... COMPLETED
    Wait for animation to end... COMPLETED
  Run flow when "HAVE AN ACCOUNT.*LOGIN" is visible... COMPLETED
  Assert that "NEXT.*|Next.*" is visible... COMPLETED
  Tap on "NEXT.*|Next.*"... COMPLETED
  Assert that "password" is visible... COMPLETED
  Tap on "password"... COMPLETED
  Input text Test@123... COMPLETED
  Hide Keyboard... COMPLETED
  Assert that "LOGIN.*" is visible... COMPLETED
  Tap on "LOGIN.*"... COMPLETED
  Assert that "Home" is visible... COMPLETED
Run ../Common/LOGIN.yaml... COMPLETED
Wait for animation to end... COMPLETED
Assert that "Skip" is visible... COMPLETED
Tap on "Skip"... COMPLETED
Tap on "Account"... COMPLETED
Take screenshot Screenshots/SC_08/AccountPage/Sc_08_Purchase... COMPLETED
Wait for animation to end... COMPLETED
Assert that "Account" is visible... COMPLETED
Tap on "Account"... COMPLETED
Wait for animation to end... COMPLETED
Wait for animation to end... COMPLETED
Wait for animation to end... COMPLETED
Wait for animation to end... COMPLETED
Assert that "product.testing@thehindu.co.in" is visible... COMPLETED
Retry 3 times...
  Assert that "SUBSCRIPTIONS" is visible... COMPLETED
Retry 3 times... COMPLETED
Tap on "SUBSCRIPTIONS"... COMPLETED
Wait for animation to end... COMPLETED
Take screenshot Screenshots/SC_08/AccountPage/Sc_08_SUBSCRIPTIONS... COMPLETED
Kill com.mobstac.thehindu... COMPLETED


===== STDERR =====

