===== STDOUT =====

Running on R9ZY40T6PHN
 > Flow SC_14_Article_Font_Size_Validation
Launch app "com.mobstac.thehindu" with clear state... COMPLETED
Run ../Common/LOGIN.yaml...
  Wait for animation to end... COMPLETED
  Wait for animation to end... COMPLETED
  Wait for animation to end... COMPLETED
  Run flow when "HAVE AN ACCOUNT? LOGIN" is visible...
    Tap on "HAVE AN ACCOUNT? LOGIN"... COMPLETED
  Run flow when "HAVE AN ACCOUNT? LOGIN" is visible... COMPLETED
  Wait for animation to end... COMPLETED
  Assert that "Email" is visible... COMPLETED
  Tap on "Email"... COMPLETED
  Input text product.testing@thehindu.co.in... COMPLETED
  Hide Keyboard... COMPLETED
  Wait for animation to end... COMPLETED
  Assert that "NEXT.*|Next.*|HAVE AN ACCOUNT.*LOGIN" is visible... COMPLETED
  Run flow when "HAVE AN ACCOUNT.*LOGIN" is visible...
    Tap on "HAVE AN ACCOUNT.*LOGIN"... COMPLETED
    Assert that "Email" is visible... COMPLETED
    Tap on "Email"... COMPLETED
    Input text product.testing@thehindu.co.in... COMPLETED
    Hide Keyboard... COMPLETED
    Wait for animation to end... COMPLETED
  Run flow when "HAVE AN ACCOUNT.*LOGIN" is visible... COMPLETED
  Assert that "NEXT.*|Next.*" is visible... COMPLETED
  Tap on "NEXT.*|Next.*"... COMPLETED
  Assert that "password" is visible... COMPLETED
  Tap on "password"... COMPLETED
  Input text Test@123... COMPLETED
  Hide Keyboard... COMPLETED
  Assert that "LOGIN.*" is visible... COMPLETED
  Tap on "LOGIN.*"... COMPLETED
  Assert that "Home" is visible... COMPLETED
Run ../Common/LOGIN.yaml... COMPLETED
Assert that "Welcome to a new
The Hindu experience" is visible... COMPLETED
Run flow when "Skip" is visible...
  Tap on "Skip"... COMPLETED
Run flow when "Skip" is visible... COMPLETED
Assert that "Home" is visible... COMPLETED
Wait for animation to end... COMPLETED
Tap on point (64%,27%)... COMPLETED
Wait for animation to end... COMPLETED
Assert that "Text size" is visible... COMPLETED
Tap on "Text size"... COMPLETED
Assert that "Reading Options *" is visible... COMPLETED
Assert that "CLOSE" is visible... COMPLETED
Assert that "Text Size" is visible... COMPLETED
Assert that "A-" is visible... COMPLETED
Assert that "A+" is visible... COMPLETED
Wait for animation to end... COMPLETED
Take screenshot Screenshots/SC_14/SC_14_Article_front_changer_panel... COMPLETED
Assert that "CLOSE" is visible... COMPLETED
Tap on "CLOSE"... COMPLETED


===== STDERR =====

