===== STDOUT =====

Running on R9ZY40T6PHN
 > Flow COMPLEX_005
Run ../Common/OPEN_HOME_FOR_LOCATOR_SMOKE.yaml...
  Launch app "com.mobstac.thehindu"... COMPLETED
  Repeat 2 times...
    Run flow when "Skip" is visible...
      Tap on "Skip"... COMPLETED
    Run flow when "Skip" is visible... COMPLETED
    Wait for animation to end... COMPLETED
  Repeat 2 times... COMPLETED
  Assert that id: screen_home is visible... COMPLETED
  Assert that id: screen_home is visible... COMPLETED
Run ../Common/OPEN_HOME_FOR_LOCATOR_SMOKE.yaml... COMPLETED
Assert that id: screen_home is visible... COMPLETED
Tap on id: nav_games... COMPLETED
Assert that id: screen_games is visible... COMPLETED
Assert that id: screen_games is visible... COMPLETED
Take screenshot Screenshots/Generated/COMPLEX_005_games_page_from_bottom_navigation... COMPLETED
Press back... COMPLETED
Assert that id: screen_home is visible... COMPLETED
Take screenshot Screenshots/Generated/COMPLEX_005_home_page_back_navigation... COMPLETED


===== STDERR =====

