===== STDOUT =====

Running on R9ZY40T6PHN
 > Flow SC_81_World_page_article_Anonymous_Account
Launch app "com.mobstac.thehindu" with clear state... COMPLETED
Assert that "Skip" is visible... COMPLETED
Tap on "Skip"... COMPLETED
Assert that "Skip" is visible... COMPLETED
Tap on "Skip"... COMPLETED
Assert that "The Hindu" is visible... COMPLETED
Assert that "World" is visible... COMPLETED
Tap on "World"... COMPLETED
Tap on point (0%,50%)... COMPLETED
Wait for animation to end... COMPLETED
Wait for animation to end... COMPLETED
Assert that "Text size" is visible... FAILED

Assertion is false: "Text size" is visible

Assertion '"Text size" is visible' failed. Check the UI hierarchy in debug artifacts to verify the element state and properties.

Possible causes:
- Element selector may be incorrect - check if there are similar elements with slightly different names/properties.
- Element may be temporarily unavailable due to loading state
- This could be a real regression that needs to be addressed

==== Debug output (logs & screenshots) ====

C:\Users\12503\.maestro\tests\2026-08-11_120916


===== STDERR =====

