===== STDOUT =====

Running on R9ZY40T6PHN
 > Flow SC_80_World_page_article_subsscribedAccount
Launch app "com.mobstac.thehindu" with clear state... COMPLETED
Wait for animation to end... COMPLETED
Run ../Common/LOGIN.yaml...
  Wait for animation to end... COMPLETED
  Wait for animation to end... COMPLETED
  Wait for animation to end... COMPLETED
  Run flow when "HAVE AN ACCOUNT? LOGIN" is visible...
    Tap on "HAVE AN ACCOUNT? LOGIN"... COMPLETED
  Run flow when "HAVE AN ACCOUNT? LOGIN" is visible... COMPLETED
  Wait for animation to end... COMPLETED
  Assert that "Email" is visible... COMPLETED
  Tap on "Email"... COMPLETED
  Input text product.testing@thehindu.co.in... COMPLETED
  Hide Keyboard... COMPLETED
  Wait for animation to end... COMPLETED
  Assert that "NEXT.*|Next.*|HAVE AN ACCOUNT.*LOGIN" is visible... COMPLETED
  Run flow when "HAVE AN ACCOUNT.*LOGIN" is visible...
  Run flow when "HAVE AN ACCOUNT.*LOGIN" is visible... SKIPPED
  Assert that "NEXT.*|Next.*" is visible... COMPLETED
  Tap on "NEXT.*|Next.*"... COMPLETED
  Assert that "password" is visible... COMPLETED
  Tap on "password"... COMPLETED
  Input text Test@123... COMPLETED
  Hide Keyboard... COMPLETED
  Assert that "LOGIN.*" is visible... COMPLETED
  Tap on "LOGIN.*"... COMPLETED
  Assert that "Home" is visible... COMPLETED
Run ../Common/LOGIN.yaml... COMPLETED
Assert that "Skip" is visible... COMPLETED
Tap on "Skip"... COMPLETED
Assert that "The Hindu" is visible... COMPLETED
Assert that "World" is visible... COMPLETED
Tap on "World"... COMPLETED
Wait for animation to end... COMPLETED
Tap on point (0%,50%)... COMPLETED
Wait for animation to end... COMPLETED
Repeat 3 times...
  Swiping in LEFT direction in 400 ms... COMPLETED
Repeat 3 times... COMPLETED
Wait for animation to end... COMPLETED
Assert that "Text size" is visible... FAILED

Assertion is false: "Text size" is visible

Assertion '"Text size" is visible' failed. Check the UI hierarchy in debug artifacts to verify the element state and properties.

Possible causes:
- Element selector may be incorrect - check if there are similar elements with slightly different names/properties.
- Element may be temporarily unavailable due to loading state
- This could be a real regression that needs to be addressed

==== Debug output (logs & screenshots) ====

C:\Users\12503\.maestro\tests\2026-08-11_120728


===== STDERR =====

