===== STDOUT =====

Running on R9ZY40T6PHN
 > Flow SC_89_Opinion_Article_EndToEnd_Subscriber_Feature_Validation
Launch app "com.mobstac.thehindu" with clear state... COMPLETED
Run ../Common/LOGIN.yaml...
  Wait for animation to end... COMPLETED
  Wait for animation to end... COMPLETED
  Wait for animation to end... COMPLETED
  Run flow when "HAVE AN ACCOUNT? LOGIN" is visible...
    Tap on "HAVE AN ACCOUNT? LOGIN"... COMPLETED
  Run flow when "HAVE AN ACCOUNT? LOGIN" is visible... COMPLETED
  Wait for animation to end... COMPLETED
  Assert that "Email" is visible... COMPLETED
  Tap on "Email"... COMPLETED
  Input text product.testing@thehindu.co.in... COMPLETED
  Hide Keyboard... COMPLETED
  Wait for animation to end... COMPLETED
  Assert that "NEXT.*|Next.*|HAVE AN ACCOUNT.*LOGIN" is visible... COMPLETED
  Run flow when "HAVE AN ACCOUNT.*LOGIN" is visible...
  Run flow when "HAVE AN ACCOUNT.*LOGIN" is visible... SKIPPED
  Assert that "NEXT.*|Next.*" is visible... COMPLETED
  Tap on "NEXT.*|Next.*"... COMPLETED
  Assert that "password" is visible... COMPLETED
  Tap on "password"... COMPLETED
  Input text Test@123... COMPLETED
  Hide Keyboard... COMPLETED
  Assert that "LOGIN.*" is visible... COMPLETED
  Tap on "LOGIN.*"... COMPLETED
  Assert that "Home" is visible... COMPLETED
Run ../Common/LOGIN.yaml... COMPLETED
Run flow when "Skip" is visible...
  Tap on "Skip"... COMPLETED
Run flow when "Skip" is visible... COMPLETED
Repeat 3 times...
  Swiping in LEFT direction in 400 ms... COMPLETED
  Wait for animation to end... COMPLETED
Repeat 3 times... COMPLETED
Assert that "Opinion" is visible... COMPLETED
Tap on "Opinion"... COMPLETED
Take screenshot Screenshots/SC_89/SC_89_Opinion_Page_Subscriber_Account... COMPLETED
Scrolling DOWN until "EDUCATION" is visible with speed 40, visibility percentage 100%, timeout 20000 ms, with centering disabled... FAILED

No visible element found: "EDUCATION"

Could not find a visible element matching selector: "EDUCATION"
Tip: Try adjusting the following settings to improve detection:
- `timeout`: current = 20000ms ? Increase if you need more time to find the element
- `speed`: current = 40 (0-100 scale) ? Increase for faster scrolling if element is far away
- `waitToSettleTimeoutMs`: current = Not defined ? Set this value (e.g., 500ms) if your UI updates frequently between scrolls
- `visibilityPercentage`: current = 100% ? Lower this value if you want to detect partially visible elements
- `centerElement`: current = false ? Enable if you want the element to be centered after finding it


==== Debug output (logs & screenshots) ====

C:\Users\12503\.maestro\tests\2026-08-11_122730


===== STDERR =====

