===== STDOUT =====

Running on R9ZY40T6PHN
 > Flow SC_86_Editorial_Page_anonymous_light_theme
Launch app "com.mobstac.thehindu" with clear state... COMPLETED
Assert that "Skip" is visible... COMPLETED
Tap on "Skip"... COMPLETED
Assert that "SUBSCRIBE" is visible... COMPLETED
Assert that "Account" is visible... COMPLETED
Tap on "Account"... COMPLETED
Assert that "Appearance" is visible... COMPLETED
Tap on "Appearance"... COMPLETED
Assert that "Light
Mode" is visible... COMPLETED
Tap on "Light
Mode"... COMPLETED
Press back... COMPLETED
Press back... COMPLETED
Assert that "SUBSCRIBE" is visible... COMPLETED
Assert that "Editorial" is visible... COMPLETED
Tap on "Editorial"... COMPLETED
Tap on point (50%,50%)... COMPLETED
Run flow when "Summary" is visible...
  Tap on "Close sheet"... COMPLETED
Run flow when "Summary" is visible... COMPLETED
Assert that "Text size" is visible... COMPLETED
Wait for animation to end... COMPLETED
Assert that "Bookmark" is visible... COMPLETED
Assert that "Share" is visible... COMPLETED
Assert that "Comment" is visible... COMPLETED
Wait for animation to end... COMPLETED
Assert that "Listen to article" is visible... FAILED

Assertion is false: "Listen to article" is visible

Assertion '"Listen to article" is visible' failed. Check the UI hierarchy in debug artifacts to verify the element state and properties.

Possible causes:
- Element selector may be incorrect - check if there are similar elements with slightly different names/properties.
- Element may be temporarily unavailable due to loading state
- This could be a real regression that needs to be addressed

==== Debug output (logs & screenshots) ====

C:\Users\12503\.maestro\tests\2026-08-11_122246


===== STDERR =====

