===== STDOUT =====

Running on R9ZY40T6PHN
 > Flow SC_98_Business_page_subscribed_ACC
Launch app "com.mobstac.thehindu" with clear state... COMPLETED
Wait for animation to end... COMPLETED
Run ../Common/LOGIN.yaml...
  Wait for animation to end... COMPLETED
  Wait for animation to end... COMPLETED
  Wait for animation to end... COMPLETED
  Run flow when "HAVE AN ACCOUNT? LOGIN" is visible...
    Tap on "HAVE AN ACCOUNT? LOGIN"... COMPLETED
  Run flow when "HAVE AN ACCOUNT? LOGIN" is visible... COMPLETED
  Wait for animation to end... COMPLETED
  Assert that "Email" is visible... COMPLETED
  Tap on "Email"... COMPLETED
  Input text product.testing@thehindu.co.in... COMPLETED
  Hide Keyboard... COMPLETED
  Wait for animation to end... COMPLETED
  Assert that "NEXT.*|Next.*|HAVE AN ACCOUNT.*LOGIN" is visible... COMPLETED
  Run flow when "HAVE AN ACCOUNT.*LOGIN" is visible...
    Tap on "HAVE AN ACCOUNT.*LOGIN"... COMPLETED
    Assert that "Email" is visible... COMPLETED
    Tap on "Email"... COMPLETED
    Input text product.testing@thehindu.co.in... COMPLETED
    Hide Keyboard... COMPLETED
    Wait for animation to end... COMPLETED
  Run flow when "HAVE AN ACCOUNT.*LOGIN" is visible... COMPLETED
  Assert that "NEXT.*|Next.*" is visible... COMPLETED
  Tap on "NEXT.*|Next.*"... COMPLETED
  Assert that "password" is visible... COMPLETED
  Tap on "password"... COMPLETED
  Input text Test@123... COMPLETED
  Hide Keyboard... COMPLETED
  Assert that "LOGIN.*" is visible... COMPLETED
  Tap on "LOGIN.*"... COMPLETED
  Assert that "Home" is visible... COMPLETED
Run ../Common/LOGIN.yaml... COMPLETED
Run flow when "Skip" is visible...
  Tap on "Skip"... COMPLETED
Run flow when "Skip" is visible... COMPLETED
Assert that "SUBSCRIBE" is not visible... COMPLETED
Repeat 5 times...
  Swiping in LEFT direction in 400 ms... COMPLETED
  Wait for animation to end... COMPLETED
Repeat 5 times... COMPLETED
Run flow when "Business" is visible...
  Tap on "Business"... COMPLETED
Run flow when "Business" is visible... COMPLETED
Take screenshot Screenshots/SC_98/SC_98_Business_Page_Subscribed_Account_01... COMPLETED
Scroll vertically... COMPLETED
Wait for animation to end... COMPLETED
Take screenshot Screenshots/SC_98/SC_98_Business_Page_Subscribed_Account_02... COMPLETED
Scroll vertically... COMPLETED
Wait for animation to end... COMPLETED
Take screenshot Screenshots/SC_98/SC_98_Business_Page_Subscribed_Account_03... COMPLETED
Scroll vertically... COMPLETED
Wait for animation to end... COMPLETED
Take screenshot Screenshots/SC_98/SC_98_Business_Page_Subscribed_Account_04... COMPLETED
Scroll vertically... COMPLETED
Wait for animation to end... COMPLETED
Take screenshot Screenshots/SC_98/SC_98_Business_Page_Subscribed_Account_05... COMPLETED
Scroll vertically... COMPLETED
Wait for animation to end... COMPLETED
Take screenshot Screenshots/SC_98/SC_98_Business_Page_Subscribed_Account_06... COMPLETED
Scroll vertically... COMPLETED
Wait for animation to end... COMPLETED
Take screenshot Screenshots/SC_98/SC_98_Business_Page_Subscribed_Account_07... COMPLETED
Scroll vertically... COMPLETED
Wait for animation to end... COMPLETED
Take screenshot Screenshots/SC_98/SC_98_Business_Page_Subscribed_Account_08... COMPLETED
Scroll vertically... COMPLETED
Wait for animation to end... COMPLETED
Take screenshot Screenshots/SC_98/SC_98_Business_Page_Subscribed_Account_09... COMPLETED
Scroll vertically... COMPLETED
Wait for animation to end... COMPLETED
Take screenshot Screenshots/SC_98/SC_98_Business_Page_Subscribed_Account_10... COMPLETED
Scroll vertically... COMPLETED
Wait for animation to end... COMPLETED
Take screenshot Screenshots/SC_98/SC_98_Business_Page_Subscribed_Account_11... COMPLETED
Scroll vertically... COMPLETED
Wait for animation to end... COMPLETED
Take screenshot Screenshots/SC_98/SC_98_Business_Page_Subscribed_Account_12... COMPLETED
Scroll vertically... COMPLETED
Wait for animation to end... COMPLETED
Take screenshot Screenshots/SC_98/SC_98_Business_Page_Subscribed_Account_13... COMPLETED
Scroll vertically... COMPLETED
Wait for animation to end... COMPLETED
Take screenshot Screenshots/SC_98/SC_98_Business_Page_Subscribed_Account_14... COMPLETED
Scroll vertically... COMPLETED
Wait for animation to end... COMPLETED
Take screenshot Screenshots/SC_98/SC_98_Business_Page_Subscribed_Account_15... COMPLETED
Scroll vertically... COMPLETED
Wait for animation to end... COMPLETED
Take screenshot Screenshots/SC_98/SC_98_Business_Page_Subscribed_Account_16... COMPLETED
Scroll vertically... COMPLETED
Wait for animation to end... COMPLETED
Take screenshot Screenshots/SC_98/SC_98_Business_Page_Subscribed_Account_17... COMPLETED
Scroll vertically... COMPLETED
Wait for animation to end... COMPLETED
Take screenshot Screenshots/SC_98/SC_98_Business_Page_Subscribed_Account_18... COMPLETED
Scroll vertically... COMPLETED
Wait for animation to end... COMPLETED
Take screenshot Screenshots/SC_98/SC_98_Business_Page_Subscribed_Account_19... COMPLETED
Scroll vertically... COMPLETED
Wait for animation to end... COMPLETED
Take screenshot Screenshots/SC_98/SC_98_Business_Page_Subscribed_Account_20... COMPLETED
Scroll vertically... COMPLETED
Wait for animation to end... COMPLETED


===== STDERR =====

