===== STDOUT =====

Running on R9ZY40T6PHN
 > Flow SC_93_Sports_page_anonymous_account_article
Launch app "com.mobstac.thehindu" with clear state... COMPLETED
Assert that "Skip" is visible... COMPLETED
Tap on "Skip"... COMPLETED
Repeat 4 times...
  Swiping in LEFT direction in 400 ms... COMPLETED
  Wait for animation to end... COMPLETED
Repeat 4 times... COMPLETED
Run flow when "Sports" is visible...
  Tap on "Sports"... COMPLETED
Run flow when "Sports" is visible... COMPLETED
Scrolling DOWN until "DATA" is visible with speed 40, visibility percentage 100%, timeout 20000 ms, with centering disabled... FAILED

No visible element found: "DATA"

Could not find a visible element matching selector: "DATA"
Tip: Try adjusting the following settings to improve detection:
- `timeout`: current = 20000ms ? Increase if you need more time to find the element
- `speed`: current = 40 (0-100 scale) ? Increase for faster scrolling if element is far away
- `waitToSettleTimeoutMs`: current = Not defined ? Set this value (e.g., 500ms) if your UI updates frequently between scrolls
- `visibilityPercentage`: current = 100% ? Lower this value if you want to detect partially visible elements
- `centerElement`: current = false ? Enable if you want the element to be centered after finding it


==== Debug output (logs & screenshots) ====

C:\Users\12503\.maestro\tests\2026-08-11_124840


===== STDERR =====

