===== STDOUT =====

Running on R9ZY40T6PHN
 > Flow SC_96_subscribeOption_from_differentPage
Launch app "com.mobstac.thehindu" with clear state... COMPLETED
Wait for animation to end... COMPLETED
Run flow when "Skip" is visible...
  Tap on "Skip"... COMPLETED
Run flow when "Skip" is visible... COMPLETED
Wait for animation to end... COMPLETED
Assert that "Welcome to a new
The Hindu experience" is visible... COMPLETED
Run flow when "Skip" is visible...
  Tap on "Skip"... COMPLETED
Run flow when "Skip" is visible... COMPLETED
Wait for animation to end... COMPLETED
Take screenshot Screenshots/SC_96/SC_96_HomePage_Anonymous... COMPLETED
Assert that "SUBSCRIBE" is visible... COMPLETED
Tap on "SUBSCRIBE"... COMPLETED
Take screenshot Screenshots/SC_96/SC_96_HomePage_Subscribe_Click... COMPLETED
Assert that "Yearly" is visible... COMPLETED
Assert that "Monthly" is visible... COMPLETED
Tap on "Yearly"... COMPLETED
Take screenshot Screenshots/SC_96/SC_96_Yearly_Plan... COMPLETED
Tap on "Monthly"... COMPLETED
Take screenshot Screenshots/SC_96/SC_96_Monthly_Plan... COMPLETED
Tap on "SUBSCRIBE"... FAILED

Element not found: Text matching regex: SUBSCRIBE

Element with Text matching regex: SUBSCRIBE not found. Check the UI hierarchy in debug artifacts to verify if the element exists.

Possible causes:
- Element selector may be incorrect - check if there are similar elements with slightly different names/properties.
- Element may be temporarily unavailable due to loading state.
- This could be a real regression that needs to be addressed.

==== Debug output (logs & screenshots) ====

C:\Users\12503\.maestro\tests\2026-08-11_125515


===== STDERR =====

