===== STDOUT =====

Running on R9ZY40T6PHN
 > Flow SC_12_Subscriber_Article_Full_Read_Access
Launch app "com.mobstac.thehindu" with clear state... COMPLETED
Run ../Common/LOGIN.yaml...
  Wait for animation to end... COMPLETED
  Wait for animation to end... COMPLETED
  Wait for animation to end... COMPLETED
  Run flow when "HAVE AN ACCOUNT? LOGIN" is visible...
    Tap on "HAVE AN ACCOUNT? LOGIN"... COMPLETED
  Run flow when "HAVE AN ACCOUNT? LOGIN" is visible... COMPLETED
  Wait for animation to end... COMPLETED
  Assert that "Email" is visible... COMPLETED
  Tap on "Email"... COMPLETED
  Input text product.testing@thehindu.co.in... COMPLETED
  Hide Keyboard... COMPLETED
  Wait for animation to end... COMPLETED
  Assert that "NEXT.*|Next.*|HAVE AN ACCOUNT.*LOGIN" is visible... COMPLETED
  Run flow when "HAVE AN ACCOUNT.*LOGIN" is visible...
  Run flow when "HAVE AN ACCOUNT.*LOGIN" is visible... SKIPPED
  Assert that "NEXT.*|Next.*" is visible... COMPLETED
  Tap on "NEXT.*|Next.*"... COMPLETED
  Assert that "password" is visible... COMPLETED
  Tap on "password"... COMPLETED
  Input text Test@123... COMPLETED
  Hide Keyboard... COMPLETED
  Assert that "LOGIN.*" is visible... COMPLETED
  Tap on "LOGIN.*"... COMPLETED
  Assert that "Home" is visible... COMPLETED
Run ../Common/LOGIN.yaml... COMPLETED
Assert that "Welcome to a new
The Hindu experience" is visible... COMPLETED
Run flow when "Skip" is visible...
  Tap on "Skip"... COMPLETED
Run flow when "Skip" is visible... COMPLETED
Assert that "Home" is visible... COMPLETED
Wait for animation to end... COMPLETED
Tap on point (50%,50%)... COMPLETED
Wait for animation to end... COMPLETED
Run flow when "Summary" is visible...
Run flow when "Summary" is visible... SKIPPED
Copy text from element with ... COMPLETED
Run ${output.articleTitle = maestro.copiedText}... COMPLETED
Run ${console.log(output.articleTitle)}... COMPLETED
Repeat 10 times...
  Assert that "SUBSCRIBE" is not visible... COMPLETED
  Scroll vertically... COMPLETED
  Wait for animation to end... COMPLETED
Repeat 10 times... FAILED

Assertion is false: "SUBSCRIBE" is not visible

Assertion '"SUBSCRIBE" is not visible' failed. Check the UI hierarchy in debug artifacts to verify the element state and properties.

Possible causes:
- Element selector may be incorrect - check if there are similar elements with slightly different names/properties.
- Element may be temporarily unavailable due to loading state
- This could be a real regression that needs to be addressed

==== Debug output (logs & screenshots) ====

C:\Users\12503\.maestro\tests\2026-08-04_150139


===== STDERR =====

