===== STDOUT =====

Running on R9ZY40T6PHN
 > Flow SC_11_Anonymous_article_navigation
Launch app "com.mobstac.thehindu" with clear state... COMPLETED
Assert that "Skip" is visible... COMPLETED
Tap on "Skip"... COMPLETED
Assert that "Skip" is visible... COMPLETED
Tap on "Skip"... COMPLETED
Wait for animation to end... COMPLETED
Tap on point (50%,50%)... COMPLETED
Wait for animation to end... COMPLETED
Run flow when "Summary" is visible...
Run flow when "Summary" is visible... SKIPPED
Take screenshot Screenshots/SC_11/Sc_011_article00... COMPLETED
Retry 5 times...
  Scroll vertically... COMPLETED
Retry 5 times... COMPLETED
Take screenshot Screenshots/SC_11/Sc_011_article01... COMPLETED
Swiping in LEFT direction in 400 ms... COMPLETED
Kill com.mobstac.thehindu... COMPLETED


===== STDERR =====

