===== STDOUT =====

Running on R9ZY40T6PHN
 > Flow TH_5716
Run ../Common/OPEN_HOME_FOR_BASELINE.yaml...
  Launch app "com.mobstac.thehindu"... COMPLETED
  Repeat 2 times...
    Run flow when "Skip" is visible...
      Tap on "Skip"... COMPLETED
    Run flow when "Skip" is visible... COMPLETED
    Wait for animation to end... COMPLETED
  Repeat 2 times... COMPLETED
  Assert that "Home" is visible...io.grpc.StatusRuntimeException: UNAVAILABLE
	at io.grpc.stub.ClientCalls.toStatusRuntimeException(ClientCalls.java:275)
	at io.grpc.stub.ClientCalls.getUnchecked(ClientCalls.java:256)
	at io.grpc.stub.ClientCalls.blockingUnaryCall(ClientCalls.java:169)
	at maestro_android.MaestroDriverGrpc$MaestroDriverBlockingStub.deviceInfo(MaestroDriverGrpc.java:740)
	at maestro.drivers.AndroidDriver.deviceInfo$lambda$5(AndroidDriver.kt:201)
	at maestro.drivers.AndroidDriver.runDeviceCall(AndroidDriver.kt:1273)
	at maestro.drivers.AndroidDriver.deviceInfo(AndroidDriver.kt:200)
	at maestro.ViewHierarchy$Companion.from-8JJjmZI(ViewHierarchy.kt:28)
	at maestro.Maestro$findElementWithTimeout$found$1$1.invoke-prqvCes(Maestro.kt:441)
	at maestro.Maestro$findElementWithTimeout$found$1$1.invoke(Maestro.kt:440)
	at kotlinx.coroutines.InterruptibleKt.runInterruptibleInExpectedContext(Interruptible.kt:48)
	at kotlinx.coroutines.InterruptibleKt.access$runInterruptibleInExpectedContext(Interruptible.kt:1)
	at kotlinx.coroutines.InterruptibleKt$runInterruptible$2.invokeSuspend(Interruptible.kt:40)
	at kotlin.coroutines.jvm.internal.BaseContinuationImpl.resumeWith(ContinuationImpl.kt:34)
	at kotlinx.coroutines.DispatchedTask.run(DispatchedTask.kt:100)
	at kotlinx.coroutines.internal.LimitedDispatcher$Worker.run(LimitedDispatcher.kt:124)
	at kotlinx.coroutines.scheduling.TaskImpl.run(Tasks.kt:89)
	at kotlinx.coroutines.scheduling.CoroutineScheduler.runSafely(CoroutineScheduler.kt:586)
	at kotlinx.coroutines.scheduling.CoroutineScheduler$Worker.executeTask(CoroutineScheduler.kt:820)
	at kotlinx.coroutines.scheduling.CoroutineScheduler$Worker.runWorker(CoroutineScheduler.kt:717)
	at kotlinx.coroutines.scheduling.CoroutineScheduler$Worker.run(CoroutineScheduler.kt:704)
Caused by: java.io.IOException: Command failed (host:transport:R9ZY40T6PHN): device 'R9ZY40T6PHN' not found
	at dadb.adbserver.AdbServer.send$dadb(AdbServer.kt:103)
	at dadb.adbserver.AdbServerDadb.open(AdbServer.kt:148)
	at maestro.drivers.AndroidDriver.channel$lambda$0(AndroidDriver.kt:81)
	at maestro.android.AdbSocket.connect(AdbSocketFactory.kt:40)
	at maestro.android.AdbSocket.connect(AdbSocketFactory.kt:44)
	at maestro.android.AdbSocketFactory.createSocket(AdbSocketFactory.kt:19)
	at maestro.android.AdbSocketFactory.createSocket(AdbSocketFactory.kt:25)
	at io.grpc.okhttp.OkHttpClientTransport$3.run(OkHttpClientTransport.java:535)
	at io.grpc.internal.SerializingExecutor.run(SerializingExecutor.java:133)
	at java.base/java.util.concurrent.ThreadPoolExecutor.runWorker(ThreadPoolExecutor.java:1144)
	at java.base/java.util.concurrent.ThreadPoolExecutor$Worker.run(ThreadPoolExecutor.java:642)
	at java.base/java.lang.Thread.run(Thread.java:1583)


==== Debug output (logs & screenshots) ====

C:\Users\12503\.maestro\tests\2026-08-10_111219


===== STDERR =====

