===== STDOUT =====

Running on R9ZY40T6PHN
 > Flow SC_04_Verify_Ads_Taboola_for_subscriber
Launch app "com.mobstac.thehindu" with clear state... COMPLETED
Run ../Common/LOGIN.yaml...
  Wait for animation to end... COMPLETED
  Wait for animation to end... COMPLETED
  Wait for animation to end... COMPLETED
  Run flow when "HAVE AN ACCOUNT? LOGIN" is visible...
    Tap on "HAVE AN ACCOUNT? LOGIN"... COMPLETED
  Run flow when "HAVE AN ACCOUNT? LOGIN" is visible... COMPLETED
  Wait for animation to end... COMPLETED
  Assert that "Email" is visible... COMPLETED
  Tap on "Email"... COMPLETED
  Input text product.testing@thehindu.co.in... COMPLETED
  Hide Keyboard... COMPLETED
  Wait for animation to end... COMPLETED
  Assert that "NEXT.*|Next.*|HAVE AN ACCOUNT.*LOGIN" is visible... COMPLETED
  Run flow when "HAVE AN ACCOUNT.*LOGIN" is visible...
    Tap on "HAVE AN ACCOUNT.*LOGIN"... COMPLETED
    Assert that "Email" is visible... COMPLETED
    Tap on "Email"... COMPLETED
    Input text product.testing@thehindu.co.in... COMPLETED
    Hide Keyboard... COMPLETED
    Wait for animation to end... COMPLETED
  Run flow when "HAVE AN ACCOUNT.*LOGIN" is visible... COMPLETED
  Assert that "NEXT.*|Next.*" is visible... COMPLETED
  Tap on "NEXT.*|Next.*"... COMPLETED
  Assert that "password" is visible... COMPLETED
  Tap on "password"... COMPLETED
  Input text Test@123... COMPLETED
  Hide Keyboard... COMPLETED
  Assert that "LOGIN.*" is visible... COMPLETED
  Tap on "LOGIN.*"... COMPLETED
  Assert that "Home" is visible... COMPLETED
Run ../Common/LOGIN.yaml... COMPLETED
Wait for animation to end... COMPLETED
Run flow when "Skip" is visible...
  Tap on "Skip"... COMPLETED
Run flow when "Skip" is visible... COMPLETED
Wait for animation to end... COMPLETED
Assert that "Home" is visible... COMPLETED
Wait for animation to end... COMPLETED
Tap on point (50%,50%)... COMPLETED
Wait for animation to end... COMPLETED
Run flow when "Summary" is visible...
  Tap on "Close sheet"... COMPLETED
Run flow when "Summary" is visible... COMPLETED
Repeat 20 times...
  Assert that "Image for Taboola Advertising Unit" is not visible... COMPLETED
  Scroll vertically... COMPLETED
  Wait for animation to end... COMPLETED
Repeat 20 times... COMPLETED
Take screenshot Screenshots/SC_04/Subscriber_No_Ads_Article_1... COMPLETED
Launch app "com.mobstac.thehindu"... COMPLETED
Assert that "Trending" is visible... COMPLETED
Tap on "Trending"... COMPLETED
Tap on point (6%,20%)... COMPLETED
Repeat 20 times...
  Assert that "Image for Taboola Advertising Unit" is not visible... COMPLETED
  Scroll vertically... COMPLETED
  Wait for animation to end... COMPLETED
Repeat 20 times... COMPLETED
Take screenshot Screenshots/SC_04/Subscriber_No_Ads_Article_2... COMPLETED
Repeat 20 times...
  Assert that "ADVERTISEMENT" is not visible... COMPLETED
  Swiping in UP direction in 400 ms... COMPLETED
  Wait for animation to end... COMPLETED
Repeat 20 times... COMPLETED
Take screenshot Screenshots/SC_04/Subscriber_No_Ads_Article_3... COMPLETED
Repeat 20 times...
  Assert that "ADVERTISEMENT" is not visible... COMPLETED
  Swiping in UP direction in 400 ms... COMPLETED
  Wait for animation to end... COMPLETED
Repeat 20 times... COMPLETED
Take screenshot Screenshots/SC_04/Subscriber_No_Ads_Article_4... COMPLETED
Kill com.mobstac.thehindu... COMPLETED


===== STDERR =====

