===== STDOUT =====

Running on R9ZY40T6PHN
 > Flow SC_80_World_page_article_subsscribedAccount
Launch app "com.mobstac.thehindu" with clear state... COMPLETED
Wait for animation to end... COMPLETED
Run ../Common/LOGIN.yaml...
  Wait for animation to end... COMPLETED
  Wait for animation to end... COMPLETED
  Wait for animation to end... COMPLETED
  Run flow when "HAVE AN ACCOUNT? LOGIN" is visible...
    Tap on "HAVE AN ACCOUNT? LOGIN"... COMPLETED
  Run flow when "HAVE AN ACCOUNT? LOGIN" is visible... COMPLETED
  Wait for animation to end... COMPLETED
  Assert that "Email" is visible... COMPLETED
  Tap on "Email"... COMPLETED
  Input text product.testing@thehindu.co.in... COMPLETED
  Hide Keyboard... COMPLETED
  Wait for animation to end... COMPLETED
  Assert that "NEXT.*|Next.*|HAVE AN ACCOUNT.*LOGIN" is visible... COMPLETED
  Run flow when "HAVE AN ACCOUNT.*LOGIN" is visible...
  Run flow when "HAVE AN ACCOUNT.*LOGIN" is visible... SKIPPED
  Assert that "NEXT.*|Next.*" is visible... COMPLETED
  Tap on "NEXT.*|Next.*"... COMPLETED
  Assert that "password" is visible... COMPLETED
  Tap on "password"... COMPLETED
  Input text Test@123... COMPLETED
  Hide Keyboard... COMPLETED
  Assert that "LOGIN.*" is visible... COMPLETED
  Tap on "LOGIN.*"... COMPLETED
  Assert that "Home" is visible... COMPLETED
Run ../Common/LOGIN.yaml... COMPLETED
Assert that "Skip" is visible... COMPLETED
Tap on "Skip"... COMPLETED
Assert that "The Hindu" is visible... COMPLETED
Assert that "World" is visible... COMPLETED
Tap on "World"... COMPLETED
Wait for animation to end... COMPLETED
Tap on point (50%,50%)... COMPLETED
Wait for animation to end... COMPLETED
Run flow when "Summary" is visible...
  Tap on "Close sheet"... COMPLETED
Run flow when "Summary" is visible... COMPLETED
Repeat 3 times...
  Swiping in LEFT direction in 400 ms... COMPLETED
Repeat 3 times... COMPLETED
Wait for animation to end... COMPLETED
Assert that "Text size" is visible... COMPLETED
Wait for animation to end... COMPLETED
Assert that "Bookmark" is visible... COMPLETED
Assert that "Share" is visible... COMPLETED
Assert that "Comment" is visible... COMPLETED
Assert that "Listen to article" is visible... COMPLETED
Run flow when "AI summary" is visible...
  Take screenshot Screenshots/SC_80/SC_80_World_Page_AI_Summary... COMPLETED
Run flow when "AI summary" is visible... COMPLETED
Wait for animation to end... COMPLETED
Take screenshot Screenshots/SC_80/SC_80_World_Page_Subscribed_Account_Article_01... COMPLETED
Wait for animation to end... COMPLETED
Scroll vertically... COMPLETED
Wait for animation to end... COMPLETED
Take screenshot Screenshots/SC_80/SC_80_World_Page_Subscribed_Account_Article_02... COMPLETED
Scroll vertically... COMPLETED
Wait for animation to end... COMPLETED
Take screenshot Screenshots/SC_80/SC_80_World_Page_Subscribed_Account_Article_03... COMPLETED
Scroll vertically... COMPLETED
Wait for animation to end... COMPLETED
Take screenshot Screenshots/SC_80/SC_80_World_Page_Subscribed_Account_Article_04... COMPLETED
Scroll vertically... COMPLETED
Wait for animation to end... COMPLETED
Take screenshot Screenshots/SC_80/SC_80_World_Page_Subscribed_Account_Article_05... COMPLETED
Scroll vertically... COMPLETED
Wait for animation to end... COMPLETED
Take screenshot Screenshots/SC_80/SC_80_World_Page_Subscribed_Account_Article_06... COMPLETED
Scroll vertically... COMPLETED
Wait for animation to end... COMPLETED
Take screenshot Screenshots/SC_80/SC_80_World_Page_Subscribed_Account_Article_07... COMPLETED
Scroll vertically... COMPLETED
Wait for animation to end... COMPLETED
Take screenshot Screenshots/SC_80/SC_80_World_Page_Subscribed_Account_Article_08... COMPLETED
Scroll vertically... COMPLETED
Wait for animation to end... COMPLETED
Take screenshot Screenshots/SC_80/SC_80_World_Page_Subscribed_Account_Article_09... COMPLETED
Scroll vertically... COMPLETED
Wait for animation to end... COMPLETED
Take screenshot Screenshots/SC_80/SC_80_World_Page_Subscribed_Account_Article_10... COMPLETED
Scroll vertically... COMPLETED
Wait for animation to end... COMPLETED
Take screenshot Screenshots/SC_80/SC_80_World_Page_Subscribed_Account_Article_11... COMPLETED
Scroll vertically... COMPLETED
Wait for animation to end... COMPLETED
Take screenshot Screenshots/SC_80/SC_80_World_Page_Subscribed_Account_Article_12... COMPLETED
Scroll vertically... COMPLETED
Wait for animation to end... COMPLETED
Take screenshot Screenshots/SC_80/SC_80_World_Page_Subscribed_Account_Article_13... COMPLETED
Scroll vertically... COMPLETED
Wait for animation to end... COMPLETED
Take screenshot Screenshots/SC_80/SC_80_World_Page_Subscribed_Account_Article_14... COMPLETED
Scroll vertically... COMPLETED
Wait for animation to end... COMPLETED
Take screenshot Screenshots/SC_80/SC_80_World_Page_Subscribed_Account_Article_15... COMPLETED
Scroll vertically... COMPLETED
Wait for animation to end... COMPLETED
Take screenshot Screenshots/SC_80/SC_80_World_Page_Subscribed_Account_Article_16... COMPLETED
Scroll vertically... COMPLETED
Wait for animation to end... COMPLETED
Take screenshot Screenshots/SC_80/SC_80_World_Page_Subscribed_Account_Article_17... COMPLETED
Scroll vertically... COMPLETED
Wait for animation to end... COMPLETED
Take screenshot Screenshots/SC_80/SC_80_World_Page_Subscribed_Account_Article_18... COMPLETED
Scroll vertically... COMPLETED
Wait for animation to end... COMPLETED
Take screenshot Screenshots/SC_80/SC_80_World_Page_Subscribed_Account_Article_19... COMPLETED
Scroll vertically... COMPLETED
Wait for animation to end... COMPLETED
Take screenshot Screenshots/SC_80/SC_80_World_Page_Subscribed_Account_Article_20... COMPLETED
Scroll vertically... COMPLETED
Wait for animation to end... COMPLETED
Take screenshot Screenshots/SC_80/SC_80_World_Page_Subscribed_Account_Article_21... COMPLETED
Scroll vertically... COMPLETED
Wait for animation to end... COMPLETED
Take screenshot Screenshots/SC_80/SC_80_World_Page_Subscribed_Account_Article_22... COMPLETED
Scroll vertically... COMPLETED
Wait for animation to end... COMPLETED
Take screenshot Screenshots/SC_80/SC_80_World_Page_Subscribed_Account_Article_23... COMPLETED
Scroll vertically... COMPLETED
Wait for animation to end... COMPLETED
Take screenshot Screenshots/SC_80/SC_80_World_Page_Subscribed_Account_Article_24... COMPLETED


===== STDERR =====

