===== STDOUT =====

Running on R9ZY40T6PHN
 > Flow SC_87_Editorial_Page_anonymous_DarkTheme
Launch app "com.mobstac.thehindu" with clear state... COMPLETED
Run ../Common/LOGIN.yaml...
  Wait for animation to end... COMPLETED
  Wait for animation to end... COMPLETED
  Wait for animation to end... COMPLETED
  Run flow when "HAVE AN ACCOUNT? LOGIN" is visible...
    Tap on "HAVE AN ACCOUNT? LOGIN"... COMPLETED
  Run flow when "HAVE AN ACCOUNT? LOGIN" is visible... COMPLETED
  Wait for animation to end... COMPLETED
  Assert that "Email" is visible... COMPLETED
  Tap on "Email"... COMPLETED
  Input text product.testing@thehindu.co.in... COMPLETED
  Hide Keyboard... COMPLETED
  Wait for animation to end... COMPLETED
  Assert that "NEXT.*|Next.*|HAVE AN ACCOUNT.*LOGIN" is visible... COMPLETED
  Run flow when "HAVE AN ACCOUNT.*LOGIN" is visible...
    Tap on "HAVE AN ACCOUNT.*LOGIN"... COMPLETED
    Assert that "Email" is visible... COMPLETED
    Tap on "Email"... COMPLETED
    Input text product.testing@thehindu.co.in... COMPLETED
    Hide Keyboard... COMPLETED
    Wait for animation to end... COMPLETED
  Run flow when "HAVE AN ACCOUNT.*LOGIN" is visible... COMPLETED
  Assert that "NEXT.*|Next.*" is visible... COMPLETED
  Tap on "NEXT.*|Next.*"... COMPLETED
  Assert that "password" is visible... COMPLETED
  Tap on "password"... COMPLETED
  Input text Test@123... COMPLETED
  Hide Keyboard... COMPLETED
  Assert that "LOGIN.*" is visible... COMPLETED
  Tap on "LOGIN.*"... COMPLETED
  Assert that "Home" is visible... COMPLETED
Run ../Common/LOGIN.yaml... COMPLETED
Assert that "Skip" is visible... COMPLETED
Tap on "Skip"... COMPLETED
Run ../Common/Dark_theme_changing.yaml...
  Assert that "Account" is visible... COMPLETED
  Tap on "Account"... COMPLETED
  Assert that "Appearance" is visible... COMPLETED
  Tap on "Appearance"... COMPLETED
  Assert that "Dark
Mode" is visible... COMPLETED
  Tap on "Dark
Mode"... COMPLETED
  Press back... COMPLETED
Run ../Common/Dark_theme_changing.yaml... COMPLETED
Press back... COMPLETED
Press back... COMPLETED
Assert that "Editorial" is visible... COMPLETED
Tap on "Editorial"... COMPLETED
Take screenshot Screenshots/SC_87/SC_87_Editorial_Page_Anonymous_Account_DarkTheme_01... COMPLETED
Scroll vertically... COMPLETED
Take screenshot Screenshots/SC_87/SC_87_Editorial_Page_Anonymous_Account_DarkTheme_02... COMPLETED
Scroll vertically... COMPLETED
Take screenshot Screenshots/SC_87/SC_87_Editorial_Page_Anonymous_Account_DarkTheme_03... COMPLETED
Scroll vertically... COMPLETED
Take screenshot Screenshots/SC_87/SC_87_Editorial_Page_Anonymous_Account_DarkTheme_04... COMPLETED
Scroll vertically... COMPLETED
Take screenshot Screenshots/SC_87/SC_87_Editorial_Page_Anonymous_Account_DarkTheme_05... COMPLETED
Tap on point (50%,50%)... COMPLETED
Wait for animation to end... COMPLETED
Run flow when "Summary" is visible...
  Tap on "Close sheet"... COMPLETED
Run flow when "Summary" is visible... COMPLETED
Assert that "Text size" is visible... COMPLETED
Wait for animation to end... COMPLETED
Assert that "Bookmark" is visible... COMPLETED
Assert that "Share" is visible... COMPLETED
Assert that "Comment" is visible... COMPLETED
Take screenshot Screenshots/SC_87/SC_87_Editorial_Page_Specific_Article_DarkTheme_01... COMPLETED
Scroll vertically... COMPLETED
Take screenshot Screenshots/SC_87/SC_87_Editorial_Page_Specific_Article_DarkTheme_02... COMPLETED
Scroll vertically... COMPLETED
Take screenshot Screenshots/SC_87/SC_87_Editorial_Page_Specific_Article_DarkTheme_03... COMPLETED
Scroll vertically... COMPLETED
Take screenshot Screenshots/SC_87/SC_87_Editorial_Page_Specific_Article_DarkTheme_04... COMPLETED
Scroll vertically... COMPLETED
Repeat 20 times...
  Swiping in DOWN direction in 400 ms... COMPLETED
Repeat 20 times... COMPLETED
Repeat 20 times...
  Run flow when "Post a comment" is visible...
  Run flow when "Post a comment" is visible... SKIPPED
  Scroll vertically... COMPLETED
    Take screenshot Screenshots/SC_87/SC_87_Post_A_Comment_DarkTheme... COMPLETED
Repeat 20 times... COMPLETED


===== STDERR =====

