===== STDOUT =====

Running on R9ZY40T6PHN
 > Flow SC_87_Editorial_Page_anonymous_DarkTheme
Launch app "com.mobstac.thehindu" with clear state... COMPLETED
Run ../Common/LOGIN.yaml...
  Wait for animation to end... COMPLETED
  Wait for animation to end... COMPLETED
  Wait for animation to end... COMPLETED
  Run flow when "HAVE AN ACCOUNT? LOGIN" is visible...
    Tap on "HAVE AN ACCOUNT? LOGIN"... COMPLETED
  Run flow when "HAVE AN ACCOUNT? LOGIN" is visible... COMPLETED
  Wait for animation to end... COMPLETED
  Assert that "Email" is visible... COMPLETED
  Tap on "Email"... COMPLETED
  Input text product.testing@thehindu.co.in... COMPLETED
  Hide Keyboard... COMPLETED
  Wait for animation to end... COMPLETED
  Assert that "NEXT.*|Next.*|HAVE AN ACCOUNT.*LOGIN" is visible... COMPLETED
  Run flow when "HAVE AN ACCOUNT.*LOGIN" is visible...
    Tap on "HAVE AN ACCOUNT.*LOGIN"... COMPLETED
    Assert that "Email" is visible... COMPLETED
    Tap on "Email"... COMPLETED
    Input text product.testing@thehindu.co.in...io.grpc.StatusRuntimeException: UNAVAILABLE
	at io.grpc.stub.ClientCalls.toStatusRuntimeException(ClientCalls.java:275)
	at io.grpc.stub.ClientCalls.getUnchecked(ClientCalls.java:256)
	at io.grpc.stub.ClientCalls.blockingUnaryCall(ClientCalls.java:169)
	at maestro_android.MaestroDriverGrpc$MaestroDriverBlockingStub.inputText(MaestroDriverGrpc.java:768)
	at maestro.drivers.AndroidDriver.inputText$lambda$35$lambda$34(AndroidDriver.kt:568)
	at maestro.drivers.AndroidDriver.runDeviceCall(AndroidDriver.kt:1273)
	at maestro.drivers.AndroidDriver.inputText$lambda$35(AndroidDriver.kt:567)
	at maestro.utils.Metrics.measured(Metrics.kt:48)
	at maestro.drivers.AndroidDriver.inputText(AndroidDriver.kt:566)
	at maestro.Maestro.inputText$lambda$34(Maestro.kt:483)
	at kotlinx.coroutines.InterruptibleKt.runInterruptibleInExpectedContext(Interruptible.kt:48)
	at kotlinx.coroutines.InterruptibleKt.access$runInterruptibleInExpectedContext(Interruptible.kt:1)
	at kotlinx.coroutines.InterruptibleKt$runInterruptible$2.invokeSuspend(Interruptible.kt:40)
	at kotlin.coroutines.jvm.internal.BaseContinuationImpl.resumeWith(ContinuationImpl.kt:34)
	at kotlinx.coroutines.DispatchedTask.run(DispatchedTask.kt:100)
	at kotlinx.coroutines.internal.LimitedDispatcher$Worker.run(LimitedDispatcher.kt:124)
	at kotlinx.coroutines.scheduling.TaskImpl.run(Tasks.kt:89)
	at kotlinx.coroutines.scheduling.CoroutineScheduler.runSafely(CoroutineScheduler.kt:586)
	at kotlinx.coroutines.scheduling.CoroutineScheduler$Worker.executeTask(CoroutineScheduler.kt:820)
	at kotlinx.coroutines.scheduling.CoroutineScheduler$Worker.runWorker(CoroutineScheduler.kt:717)
	at kotlinx.coroutines.scheduling.CoroutineScheduler$Worker.run(CoroutineScheduler.kt:704)
Caused by: java.io.IOException: Command failed (host:transport:R9ZY40T6PHN): device 'R9ZY40T6PHN' not found
	at dadb.adbserver.AdbServer.send$dadb(AdbServer.kt:103)
	at dadb.adbserver.AdbServerDadb.open(AdbServer.kt:148)
	at maestro.drivers.AndroidDriver.channel$lambda$0(AndroidDriver.kt:81)
	at maestro.android.AdbSocket.connect(AdbSocketFactory.kt:40)
	at maestro.android.AdbSocket.connect(AdbSocketFactory.kt:44)
	at maestro.android.AdbSocketFactory.createSocket(AdbSocketFactory.kt:19)
	at maestro.android.AdbSocketFactory.createSocket(AdbSocketFactory.kt:25)
	at io.grpc.okhttp.OkHttpClientTransport$3.run(OkHttpClientTransport.java:535)
	at io.grpc.internal.SerializingExecutor.run(SerializingExecutor.java:133)
	at java.base/java.util.concurrent.ThreadPoolExecutor.runWorker(ThreadPoolExecutor.java:1144)
	at java.base/java.util.concurrent.ThreadPoolExecutor$Worker.run(ThreadPoolExecutor.java:642)
	at java.base/java.lang.Thread.run(Thread.java:1583)


==== Debug output (logs & screenshots) ====

C:\Users\12503\.maestro\tests\2026-08-12_104851
??????????????????????????????????????????????????????????????????????????????????????????????????
?                                                                                                ?
?   Debug tests faster by easy access to test recordings, maestro logs, screenshots, and more.   ?
?                                                                                                ?
?   Run your flows on Maestro Cloud:                                                             ?
?   maestro cloud app_file flows_folder/                                                         ?
?                                                                                                ?
??????????????????????????????????????????????????????????????????????????????????????????????????



===== STDERR =====

