===== STDOUT =====

Running on R9ZY40T6PHN
 > Flow GEN_001
Tap on id: nav_home... FAILED

Element not found: Id matching regex: nav_home

Element with Id matching regex: nav_home not found. Check the UI hierarchy in debug artifacts to verify if the element exists.

Possible causes:
- Element selector may be incorrect - check if there are similar elements with slightly different names/properties.
- Element may be temporarily unavailable due to loading state.
- This could be a real regression that needs to be addressed.

==== Debug output (logs & screenshots) ====

C:\Users\12503\.maestro\tests\2026-08-04_122829
??????????????????????????????????????????????????????????????????????????????????????????????????
?                                                                                                ?
?   Debug tests faster by easy access to test recordings, maestro logs, screenshots, and more.   ?
?                                                                                                ?
?   Run your flows on Maestro Cloud:                                                             ?
?   maestro cloud app_file flows_folder/                                                         ?
?                                                                                                ?
??????????????????????????????????????????????????????????????????????????????????????????????????



===== STDERR =====

