===== STDOUT =====

Running on R9ZY40T6PHN
 > Flow SC_29_WORLD
Run ../Common/OPEN_HOME_FOR_LOCATOR_SMOKE.yaml...
  Launch app "com.mobstac.thehindu"... COMPLETED
  Repeat 2 times...
    Run flow when "Skip" is visible...
    Run flow when "Skip" is visible... SKIPPED
    Wait for animation to end... COMPLETED
  Repeat 2 times... COMPLETED
  Assert that id: screen_home is visible... COMPLETED
  Assert that id: screen_home is visible... COMPLETED
Run ../Common/OPEN_HOME_FOR_LOCATOR_SMOKE.yaml... COMPLETED
Assert that id: nav_menu is visible... COMPLETED
Retry 2 times...
  Tap on id: nav_menu... COMPLETED
  Assert that id: screen_hamburger is visible... COMPLETED
Retry 2 times... COMPLETED
Assert that id: screen_hamburger is visible... COMPLETED
Take screenshot Screenshots/Generated/SC_29_WORLD_hamburger_menu... COMPLETED
Run ../Common/OPEN_HOME_FOR_LOCATOR_SMOKE.yaml...
  Launch app "com.mobstac.thehindu"... COMPLETED
  Repeat 2 times...
    Run flow when "Skip" is visible...
    Run flow when "Skip" is visible... SKIPPED
    Wait for animation to end... COMPLETED
  Repeat 2 times... COMPLETED
  Assert that id: screen_home is visible... COMPLETED
  Assert that id: screen_home is visible... COMPLETED
Run ../Common/OPEN_HOME_FOR_LOCATOR_SMOKE.yaml... COMPLETED
Assert that id: nav_menu is visible... COMPLETED
Retry 2 times...
  Tap on id: nav_menu... COMPLETED
  Assert that id: screen_hamburger is visible... COMPLETED
Retry 2 times... COMPLETED
Assert that id: screen_hamburger is visible... COMPLETED
Tap on "World", Index: 0... COMPLETED
Tap on "News"... COMPLETED
Assert that id: screen_section is visible... FAILED

Assertion is false: id: screen_section is visible

Assertion 'id: screen_section is visible' failed. Check the UI hierarchy in debug artifacts to verify the element state and properties.

Possible causes:
- Element selector may be incorrect - check if there are similar elements with slightly different names/properties.
- Element may be temporarily unavailable due to loading state
- This could be a real regression that needs to be addressed

==== Debug output (logs & screenshots) ====

C:\Users\12503\.maestro\tests\2026-08-06_105255
??????????????????????????????????????????????????????????????????????????????????????????????????
?                                                                                                ?
?   Debug tests faster by easy access to test recordings, maestro logs, screenshots, and more.   ?
?                                                                                                ?
?   Run your flows on Maestro Cloud:                                                             ?
?   maestro cloud app_file flows_folder/                                                         ?
?                                                                                                ?
??????????????????????????????????????????????????????????????????????????????????????????????????



===== STDERR =====

