===== STDOUT =====

Running on R9ZY40T6PHN
 > Flow TH_0012
Launch app "com.mobstac.thehindu"... COMPLETED
Run ../Common/LOGIN.yaml...
  Wait for animation to end... COMPLETED
  Wait for animation to end... COMPLETED
  Wait for animation to end... COMPLETED
  Run flow when "HAVE AN ACCOUNT? LOGIN" is visible...
  Run flow when "HAVE AN ACCOUNT? LOGIN" is visible... SKIPPED
  Wait for animation to end... COMPLETED
  Assert that "Email" is visible... FAILED
Run ../Common/LOGIN.yaml... FAILED

Assertion is false: "Email" is visible

Assertion '"Email" is visible' failed. Check the UI hierarchy in debug artifacts to verify the element state and properties.

Possible causes:
- Element selector may be incorrect - check if there are similar elements with slightly different names/properties.
- Element may be temporarily unavailable due to loading state
- This could be a real regression that needs to be addressed

==== Debug output (logs & screenshots) ====

C:\Users\12503\.maestro\tests\2026-08-10_151950


===== STDERR =====

