===== STDOUT =====

Running on R9ZY40T6PHN
 > Flow TH_0010
Launch app "com.mobstac.thehindu"... COMPLETED
Run ../Common/OPEN_HOME_FOR_BASELINE.yaml...
  Launch app "com.mobstac.thehindu"... COMPLETED
  Repeat 2 times...
    Run flow when "Skip" is visible...
    Run flow when "Skip" is visible... SKIPPED
    Wait for animation to end... COMPLETED
  Repeat 2 times... COMPLETED
  Assert that "Home" is visible... COMPLETED
  Tap on point (10%,90%)... COMPLETED
  Wait for animation to end... COMPLETED
  Assert that "Home" is visible... FAILED
Run ../Common/OPEN_HOME_FOR_BASELINE.yaml... FAILED

Assertion is false: "Home" is visible

Assertion '"Home" is visible' failed. Check the UI hierarchy in debug artifacts to verify the element state and properties.

Possible causes:
- Element selector may be incorrect - check if there are similar elements with slightly different names/properties.
- Element may be temporarily unavailable due to loading state
- This could be a real regression that needs to be addressed

==== Debug output (logs & screenshots) ====

C:\Users\12503\.maestro\tests\2026-08-10_151842


===== STDERR =====

