===== STDOUT =====

Running on R9ZY40T6PHN
 > Flow SC_27_NEWS_QUIZ
Run ../Common/OPEN_SUBSCRIBER_GAMES.yaml...
  Launch app "com.mobstac.thehindu" with clear state... COMPLETED
  Run LOGIN.yaml...
    Wait for animation to end... COMPLETED
    Wait for animation to end... COMPLETED
    Wait for animation to end... COMPLETED
    Run flow when "HAVE AN ACCOUNT? LOGIN" is visible...
      Tap on "HAVE AN ACCOUNT? LOGIN"... COMPLETED
    Run flow when "HAVE AN ACCOUNT? LOGIN" is visible... COMPLETED
    Wait for animation to end... COMPLETED
    Assert that "Email" is visible... COMPLETED
    Tap on "Email"... COMPLETED
    Input text product.testing@thehindu.co.in... COMPLETED
    Hide Keyboard... COMPLETED
    Wait for animation to end... COMPLETED
    Assert that "NEXT.*|Next.*|HAVE AN ACCOUNT.*LOGIN" is visible... COMPLETED
    Run flow when "HAVE AN ACCOUNT.*LOGIN" is visible...
      Tap on "HAVE AN ACCOUNT.*LOGIN"... COMPLETED
      Assert that "Email" is visible... COMPLETED
      Tap on "Email"... COMPLETED
      Input text product.testing@thehindu.co.in... COMPLETED
      Hide Keyboard...io.grpc.StatusRuntimeException: UNAVAILABLE
	at io.grpc.stub.ClientCalls.toStatusRuntimeException(ClientCalls.java:275)
	at io.grpc.stub.ClientCalls.getUnchecked(ClientCalls.java:256)
	at io.grpc.stub.ClientCalls.blockingUnaryCall(ClientCalls.java:169)
	at maestro_android.MaestroDriverGrpc$MaestroDriverBlockingStub.deviceInfo(MaestroDriverGrpc.java:740)
	at maestro.drivers.AndroidDriver.deviceInfo$lambda$5(AndroidDriver.kt:201)
	at maestro.drivers.AndroidDriver.runDeviceCall(AndroidDriver.kt:1273)
	at maestro.drivers.AndroidDriver.deviceInfo(AndroidDriver.kt:200)
	at maestro.ViewHierarchy$Companion.from-8JJjmZI(ViewHierarchy.kt:28)
	at maestro.utils.ScreenshotUtils$Companion.viewHierarchy-c1iYVAs(ScreenshotUtils.kt:99)
	at maestro.utils.ScreenshotUtils$Companion.waitForAppToSettle-OpTFbEc(ScreenshotUtils.kt:58)
	at maestro.drivers.AndroidDriver$waitForAppToSettle$1.invoke-prqvCes(AndroidDriver.kt:741)
	at maestro.drivers.AndroidDriver$waitForAppToSettle$1.invoke(AndroidDriver.kt:737)
	at maestro.utils.Metrics.measured(Metrics.kt:48)
	at maestro.drivers.AndroidDriver.waitForAppToSettle-5RpGHs4(AndroidDriver.kt:737)
	at maestro.Driver.waitForAppToSettle-5RpGHs4$default(Driver.kt:95)
	at maestro.drivers.AndroidDriver$hideKeyboard$1.invoke-F9mIFpk(AndroidDriver.kt:521)
	at maestro.drivers.AndroidDriver$hideKeyboard$1.invoke(AndroidDriver.kt:518)
	at maestro.utils.Metrics.measured(Metrics.kt:48)
	at maestro.drivers.AndroidDriver.hideKeyboard(AndroidDriver.kt:518)
	at maestro.Maestro.hideKeyboard$lambda$9(Maestro.kt:116)
	at kotlinx.coroutines.InterruptibleKt.runInterruptibleInExpectedContext(Interruptible.kt:48)
	at kotlinx.coroutines.InterruptibleKt.access$runInterruptibleInExpectedContext(Interruptible.kt:1)
	at kotlinx.coroutines.InterruptibleKt$runInterruptible$2.invokeSuspend(Interruptible.kt:40)
	at kotlin.coroutines.jvm.internal.BaseContinuationImpl.resumeWith(ContinuationImpl.kt:34)
	at kotlinx.coroutines.DispatchedTask.run(DispatchedTask.kt:100)
	at kotlinx.coroutines.internal.LimitedDispatcher$Worker.run(LimitedDispatcher.kt:124)
	at kotlinx.coroutines.scheduling.TaskImpl.run(Tasks.kt:89)
	at kotlinx.coroutines.scheduling.CoroutineScheduler.runSafely(CoroutineScheduler.kt:586)
	at kotlinx.coroutines.scheduling.CoroutineScheduler$Worker.executeTask(CoroutineScheduler.kt:820)
	at kotlinx.coroutines.scheduling.CoroutineScheduler$Worker.runWorker(CoroutineScheduler.kt:717)
	at kotlinx.coroutines.scheduling.CoroutineScheduler$Worker.run(CoroutineScheduler.kt:704)
Caused by: java.io.IOException: Command failed (tcp:51712): closed
	at dadb.adbserver.AdbServer.send$dadb(AdbServer.kt:103)
	at dadb.adbserver.AdbServerDadb.open(AdbServer.kt:149)
	at maestro.drivers.AndroidDriver.channel$lambda$0(AndroidDriver.kt:81)
	at maestro.android.AdbSocket.connect(AdbSocketFactory.kt:40)
	at maestro.android.AdbSocket.connect(AdbSocketFactory.kt:44)
	at maestro.android.AdbSocketFactory.createSocket(AdbSocketFactory.kt:19)
	at maestro.android.AdbSocketFactory.createSocket(AdbSocketFactory.kt:25)
	at io.grpc.okhttp.OkHttpClientTransport$3.run(OkHttpClientTransport.java:535)
	at io.grpc.internal.SerializingExecutor.run(SerializingExecutor.java:133)
	at java.base/java.util.concurrent.ThreadPoolExecutor.runWorker(ThreadPoolExecutor.java:1144)
	at java.base/java.util.concurrent.ThreadPoolExecutor$Worker.run(ThreadPoolExecutor.java:642)
	at java.base/java.lang.Thread.run(Thread.java:1583)


==== Debug output (logs & screenshots) ====

C:\Users\12503\.maestro\tests\2026-08-07_111816


===== STDERR =====

