===== STDOUT =====

Running on R9ZY40T6PHN
 > Flow SC_27_WORD_FLOWER
Run ../Common/OPEN_SUBSCRIBER_GAMES.yaml...
  Launch app "com.mobstac.thehindu" with clear state... COMPLETED
  Run LOGIN.yaml...
    Wait for animation to end... COMPLETED
    Wait for animation to end... COMPLETED
    Wait for animation to end... COMPLETED
    Run flow when "HAVE AN ACCOUNT? LOGIN" is visible...
      Tap on "HAVE AN ACCOUNT? LOGIN"... COMPLETED
    Run flow when "HAVE AN ACCOUNT? LOGIN" is visible... COMPLETED
    Wait for animation to end... COMPLETED
    Assert that "Email" is visible... COMPLETED
    Tap on "Email"... COMPLETED
    Input text product.testing@thehindu.co.in... COMPLETED
    Hide Keyboard... COMPLETED
    Wait for animation to end... COMPLETED
    Assert that "NEXT.*|Next.*|HAVE AN ACCOUNT.*LOGIN" is visible... COMPLETED
    Run flow when "HAVE AN ACCOUNT.*LOGIN" is visible...
    Run flow when "HAVE AN ACCOUNT.*LOGIN" is visible... SKIPPED
    Assert that "NEXT.*|Next.*" is visible... COMPLETED
    Tap on "NEXT.*|Next.*"... COMPLETED
    Assert that "password" is visible... COMPLETED
    Tap on "password"... COMPLETED
    Input text Test@123... COMPLETED
    Hide Keyboard... COMPLETED
    Assert that "LOGIN.*" is visible... COMPLETED
    Tap on "LOGIN.*"... COMPLETED
    Assert that "Home" is visible... COMPLETED
  Run LOGIN.yaml... COMPLETED
  Assert that id: screen_home is visible... COMPLETED
  Tap on id: nav_games... COMPLETED
  Assert that id: screen_games is visible... COMPLETED
  Assert that id: screen_games is visible... COMPLETED
Run ../Common/OPEN_SUBSCRIBER_GAMES.yaml... COMPLETED
Scrolling DOWN until "Word Flower" is visible with speed 40, visibility percentage 100%, timeout 20000 ms, with centering disabled... COMPLETED
Tap on "Word Flower"... COMPLETED
Assert that "2" is visible... COMPLETED
Tap on "2"... COMPLETED
Run flow when "Dismiss" is visible...
  Tap on "Dismiss"... COMPLETED
Run flow when "Dismiss" is visible... COMPLETED
Assert that "Settings" is visible... COMPLETED
Assert that ".*access was not found.*" is not visible... COMPLETED
Assert that "Assist" is visible... FAILED

Assertion is false: "Assist" is visible

Assertion '"Assist" is visible' failed. Check the UI hierarchy in debug artifacts to verify the element state and properties.

Possible causes:
- Element selector may be incorrect - check if there are similar elements with slightly different names/properties.
- Element may be temporarily unavailable due to loading state
- This could be a real regression that needs to be addressed

==== Debug output (logs & screenshots) ====

C:\Users\12503\.maestro\tests\2026-08-07_111438


===== STDERR =====

