===== STDOUT =====

Running on R9ZY40T6PHN
 > Flow SC_27_SUDOKU
Run ../Common/OPEN_SUBSCRIBER_GAMES.yaml...
  Launch app "com.mobstac.thehindu" with clear state... COMPLETED
  Run LOGIN.yaml...
    Wait for animation to end... COMPLETED
    Wait for animation to end... COMPLETED
    Wait for animation to end... COMPLETED
    Run flow when "HAVE AN ACCOUNT? LOGIN" is visible...
      Tap on "HAVE AN ACCOUNT? LOGIN"... COMPLETED
    Run flow when "HAVE AN ACCOUNT? LOGIN" is visible... COMPLETED
    Wait for animation to end... COMPLETED
    Assert that "Email" is visible... COMPLETED
    Tap on "Email"... COMPLETED
    Input text product.testing@thehindu.co.in... COMPLETED
    Hide Keyboard... COMPLETED
    Wait for animation to end... COMPLETED
    Assert that "NEXT.*|Next.*|HAVE AN ACCOUNT.*LOGIN" is visible... COMPLETED
    Run flow when "HAVE AN ACCOUNT.*LOGIN" is visible...
    Run flow when "HAVE AN ACCOUNT.*LOGIN" is visible... SKIPPED
    Assert that "NEXT.*|Next.*" is visible... COMPLETED
    Tap on "NEXT.*|Next.*"... COMPLETED
    Assert that "password" is visible... COMPLETED
    Tap on "password"... COMPLETED
    Input text Test@123... COMPLETED
    Hide Keyboard... COMPLETED
    Assert that "LOGIN.*" is visible... COMPLETED
    Tap on "LOGIN.*"... COMPLETED
    Assert that "Home" is visible... COMPLETED
  Run LOGIN.yaml... COMPLETED
  Assert that id: screen_home is visible... COMPLETED
  Tap on id: nav_games... COMPLETED
  Assert that id: screen_games is visible... COMPLETED
  Assert that id: screen_games is visible... COMPLETED
Run ../Common/OPEN_SUBSCRIBER_GAMES.yaml... COMPLETED
Assert that "Sudoku" is visible... COMPLETED
Tap on "Sudoku"... COMPLETED
Assert that "Choose Your Puzzle to Play" is visible... COMPLETED
Assert that "Mini" is visible... COMPLETED
Assert that "Easy" is visible... COMPLETED
Assert that "Medium" is visible... COMPLETED
Assert that "Hard" is visible... COMPLETED
Assert that "Killer" is visible... COMPLETED
Tap on "Mini"... COMPLETED
Assert that ".*Mini Sudoku No[.].*" is visible... COMPLETED
Take screenshot Screenshots/SC_27/SC_27_Sudoku_Mini_List... COMPLETED
Tap on ".*Mini Sudoku No[.].*", Index: 0... COMPLETED
Assert that "Play solo" is visible... COMPLETED
Tap on "Play solo"... COMPLETED
Assert that "Settings" is visible... COMPLETED
Assert that ".*access was not found.*" is not visible... COMPLETED
Assert that "Settings" is visible... COMPLETED
Assert that "Assist" is visible... COMPLETED
Assert that id: main-nav is visible... COMPLETED
Take screenshot Screenshots/SC_27/SC_27_Sudoku_Mini... COMPLETED


===== STDERR =====

