===== STDOUT =====

Running on R9ZY40T6PHN
 > Flow SC_27_Subscriber_Games_validation
Launch app "com.mobstac.thehindu" with clear state... COMPLETED
Wait for animation to end... COMPLETED
Run ../Common/LOGIN.yaml...
  Wait for animation to end... COMPLETED
  Wait for animation to end... COMPLETED
  Wait for animation to end... COMPLETED
  Run flow when "HAVE AN ACCOUNT? LOGIN" is visible...
    Tap on "HAVE AN ACCOUNT? LOGIN"... COMPLETED
  Run flow when "HAVE AN ACCOUNT? LOGIN" is visible... COMPLETED
  Wait for animation to end... COMPLETED
  Assert that "Email" is visible... COMPLETED
  Tap on "Email"... COMPLETED
  Input text product.testing@thehindu.co.in... COMPLETED
  Hide Keyboard... COMPLETED
  Wait for animation to end... COMPLETED
  Assert that "NEXT.*|Next.*|HAVE AN ACCOUNT.*LOGIN" is visible... COMPLETED
  Run flow when "HAVE AN ACCOUNT.*LOGIN" is visible...
  Run flow when "HAVE AN ACCOUNT.*LOGIN" is visible... SKIPPED
  Assert that "NEXT.*|Next.*" is visible... COMPLETED
  Tap on "NEXT.*|Next.*"... COMPLETED
  Assert that "password" is visible... COMPLETED
  Tap on "password"... COMPLETED
  Input text Test@123... COMPLETED
  Hide Keyboard... COMPLETED
  Assert that "LOGIN.*" is visible... COMPLETED
  Tap on "LOGIN.*"... COMPLETED
  Assert that "Home" is visible... COMPLETED
Run ../Common/LOGIN.yaml... COMPLETED
Wait for animation to end... COMPLETED
Run flow when "Skip" is visible...
  Tap on "Skip"... COMPLETED
Run flow when "Skip" is visible... COMPLETED
Wait for animation to end... COMPLETED
Assert that "Games" is visible... COMPLETED
Tap on "Games"... COMPLETED
Take screenshot Screenshots/SC_27/SC_27_Games_Page_Subscribed_Account... COMPLETED
Assert that "Games" is visible... COMPLETED
Tap on "Games"... COMPLETED
Scrolling DOWN until "Easy Down" is visible with speed 40, visibility percentage 100%, timeout 20000 ms, with centering disabled... COMPLETED
Tap on "Easy Down"... COMPLETED
Scrolling DOWN until ".*August.*| .*July.*" is visible with speed 40, visibility percentage 100%, timeout 20000 ms, with centering disabled... COMPLETED
Tap on ".*August.*| .*July.*"... COMPLETED
Run flow when "Dismiss" is visible...
  Tap on "Dismiss"... COMPLETED
Run flow when "Dismiss" is visible... COMPLETED
Take screenshot Screenshots/SC_27/SC_27_Easy_Down... COMPLETED
Wait for animation to end... COMPLETED
Repeat 2 times...
  Assert that ".*access was not found.*" is not visible... COMPLETED
  Scroll vertically... COMPLETED
  Wait for animation to end... COMPLETED
Repeat 2 times... COMPLETED
Assert that "Settings" is visible... COMPLETED
Assert that "Assist" is visible... COMPLETED
Press back... COMPLETED
Assert that "Games" is visible... COMPLETED
Tap on "Games"... COMPLETED
Scrolling DOWN until "Word Row" is visible with speed 40, visibility percentage 100%, timeout 20000 ms, with centering disabled... COMPLETED
Tap on "Word Row"... COMPLETED
Wait for animation to end... COMPLETED
Assert that ".*(August|July)*" is visible... COMPLETED
Tap on ".*(August|July)*"... COMPLETED
Run flow when "Dismiss" is visible...
Run flow when "Dismiss" is visible... SKIPPED
Repeat 2 times...
  Assert that ".*access was not found.*" is not visible... COMPLETED
  Scroll vertically... COMPLETED
  Wait for animation to end... COMPLETED
Repeat 2 times... COMPLETED
Take screenshot Screenshots/SC_27/SC_27_Word_Row... COMPLETED
Press back... COMPLETED
Press back... COMPLETED


===== STDERR =====

