===== STDOUT =====

Running on R9ZY40T6PHN
 > Flow LOC_latest_news
Run ../Common/OPEN_HOME_FOR_LOCATOR_SMOKE.yaml...
  Launch app "com.mobstac.thehindu"... COMPLETED
  Repeat 2 times...
    Run flow when "Skip" is visible...
    Run flow when "Skip" is visible... SKIPPED
    Wait for animation to end... COMPLETED
  Repeat 2 times... COMPLETED
  Assert that id: screen_home is visible... COMPLETED
  Assert that id: screen_home is visible... COMPLETED
Run ../Common/OPEN_HOME_FOR_LOCATOR_SMOKE.yaml... COMPLETED
Tap on id: nav_menu... COMPLETED
Assert that id: screen_hamburger is visible... COMPLETED
Scrolling DOWN until "News" is visible with speed 40, visibility percentage 100%, timeout 30000 ms, with centering disabled... COMPLETED
Tap on "News"... COMPLETED
Assert that "News" is visible... COMPLETED
Tap on "News", Index: 1... COMPLETED
Wait for animation to end... COMPLETED
Assert that id: screen_section is visible... COMPLETED
Assert that id: screen_section is visible... COMPLETED
Assert that "News" is visible... COMPLETED
Take screenshot Screenshots/LocatorSmoke/latest_news_page... COMPLETED


===== STDERR =====

