===== STDOUT =====

Running on R9ZY40T6PHN
 > Flow LOC_editorial
Run ../Common/OPEN_HOME_FOR_LOCATOR_SMOKE.yaml...
  Launch app "com.mobstac.thehindu"... COMPLETED
  Repeat 2 times...
    Run flow when "Skip" is visible...
    Run flow when "Skip" is visible... SKIPPED
    Wait for animation to end... COMPLETED
  Repeat 2 times... COMPLETED
  Assert that id: screen_home is visible... COMPLETED
  Assert that id: screen_home is visible... COMPLETED
Run ../Common/OPEN_HOME_FOR_LOCATOR_SMOKE.yaml... COMPLETED
Tap on "Editorial"... COMPLETED
Wait for animation to end... COMPLETED
Assert that id: screen_home is visible... COMPLETED
Assert that id: screen_home is visible... COMPLETED
Assert that "Editorial" is visible... COMPLETED
Take screenshot Screenshots/LocatorSmoke/editorial_page... COMPLETED


===== STDERR =====

