===== STDOUT =====

Running on R9ZY40T6PHN
 > Flow LOC_business
Run ../Common/OPEN_HOME_FOR_LOCATOR_SMOKE.yaml...
  Launch app "com.mobstac.thehindu"... COMPLETED
  Repeat 2 times...
    Run flow when "Skip" is visible...
    Run flow when "Skip" is visible... SKIPPED
    Wait for animation to end... COMPLETED
  Repeat 2 times... COMPLETED
  Assert that id: screen_home is visible... COMPLETED
  Assert that id: screen_home is visible... COMPLETED
Run ../Common/OPEN_HOME_FOR_LOCATOR_SMOKE.yaml... COMPLETED
Repeat 5 times...
  Swiping in LEFT direction in 400 ms... COMPLETED
  Wait for animation to end... COMPLETED
Repeat 5 times... COMPLETED
Assert that "Business" is visible... COMPLETED
Tap on "Business"... COMPLETED
Wait for animation to end... COMPLETED
Assert that id: screen_home is visible... COMPLETED
Assert that id: screen_home is visible... COMPLETED
Assert that "Business" is visible... COMPLETED
Take screenshot Screenshots/LocatorSmoke/business_page... COMPLETED


===== STDERR =====

