===== STDOUT =====

Running on R9ZY40T6PHN
 > Flow open_hamburger
io.grpc.StatusRuntimeException: UNAVAILABLE
	at io.grpc.stub.ClientCalls.toStatusRuntimeException(ClientCalls.java:275)
	at io.grpc.stub.ClientCalls.getUnchecked(ClientCalls.java:256)
	at io.grpc.stub.ClientCalls.blockingUnaryCall(ClientCalls.java:169)
	at maestro_android.MaestroDriverGrpc$MaestroDriverBlockingStub.deviceInfo(MaestroDriverGrpc.java:740)
	at maestro.drivers.AndroidDriver.deviceInfo$lambda$5(AndroidDriver.kt:201)
	at maestro.drivers.AndroidDriver.runDeviceCall(AndroidDriver.kt:1273)
	at maestro.drivers.AndroidDriver.deviceInfo(AndroidDriver.kt:200)
	at maestro.Maestro.cachedDeviceInfo_delegate$lambda$0(Maestro.kt:54)
	at kotlin.SynchronizedLazyImpl.getValue(LazyJVM.kt:86)
	at maestro.Maestro.getCachedDeviceInfo(Maestro.kt:52)
	at maestro.orchestra.Orchestra._init_$lambda$11(Orchestra.kt:149)
	at maestro.orchestra.Orchestra.initJsEngine(Orchestra.kt:311)
	at maestro.orchestra.Orchestra.runFlow(Orchestra.kt:169)
	at maestro.cli.runner.MaestroCommandRunner.runCommands(MaestroCommandRunner.kt:202)
	at maestro.cli.runner.TestRunner$runSingle$result$1$1.invokeSuspend(TestRunner.kt:75)
	at kotlin.coroutines.jvm.internal.BaseContinuationImpl.resumeWith(ContinuationImpl.kt:34)
	at kotlinx.coroutines.DispatchedTask.run(DispatchedTask.kt:100)
	at kotlinx.coroutines.EventLoopImplBase.processNextEvent(EventLoop.common.kt:263)
	at kotlinx.coroutines.BlockingCoroutine.joinBlocking(Builders.kt:94)
	at kotlinx.coroutines.BuildersKt__BuildersKt.runBlocking(Builders.kt:70)
	at kotlinx.coroutines.BuildersKt.runBlocking(Unknown Source)
	at kotlinx.coroutines.BuildersKt__BuildersKt.runBlocking$default(Builders.kt:48)
	at kotlinx.coroutines.BuildersKt.runBlocking$default(Unknown Source)
	at maestro.cli.runner.TestRunner.runSingle$lambda$0(TestRunner.kt:74)
	at maestro.cli.runner.TestRunner.runCatching-ta8aW1Q(TestRunner.kt:203)
	at maestro.cli.runner.TestRunner.runSingle(TestRunner.kt:65)
	at maestro.cli.command.TestCommand.runSingleFlow(TestCommand.kt:571)
	at maestro.cli.command.TestCommand.runShardSuite$lambda$10(TestCommand.kt:532)
	at maestro.cli.session.MaestroSessionManager.newSession(MaestroSessionManager.kt:136)
	at maestro.cli.session.MaestroSessionManager.newSession$default(MaestroSessionManager.kt:67)
	at maestro.cli.command.TestCommand.runShardSuite(TestCommand.kt:479)
	at maestro.cli.command.TestCommand.access$runShardSuite(TestCommand.kt:81)
	at maestro.cli.command.TestCommand$handleSessions$1$results$1$1.invokeSuspend(TestCommand.kt:438)
	at kotlin.coroutines.jvm.internal.BaseContinuationImpl.resumeWith(ContinuationImpl.kt:34)
	at kotlinx.coroutines.DispatchedTask.run(DispatchedTask.kt:100)
	at kotlinx.coroutines.internal.LimitedDispatcher$Worker.run(LimitedDispatcher.kt:124)
	at kotlinx.coroutines.scheduling.TaskImpl.run(Tasks.kt:89)
	at kotlinx.coroutines.scheduling.CoroutineScheduler.runSafely(CoroutineScheduler.kt:586)
	at kotlinx.coroutines.scheduling.CoroutineScheduler$Worker.executeTask(CoroutineScheduler.kt:820)
	at kotlinx.coroutines.scheduling.CoroutineScheduler$Worker.runWorker(CoroutineScheduler.kt:717)
	at kotlinx.coroutines.scheduling.CoroutineScheduler$Worker.run(CoroutineScheduler.kt:704)
Caused by: java.io.IOException: Command failed (tcp:53490): closed
	at dadb.adbserver.AdbServer.send$dadb(AdbServer.kt:103)
	at dadb.adbserver.AdbServerDadb.open(AdbServer.kt:149)
	at maestro.drivers.AndroidDriver.channel$lambda$0(AndroidDriver.kt:81)
	at maestro.android.AdbSocket.connect(AdbSocketFactory.kt:40)
	at maestro.android.AdbSocket.connect(AdbSocketFactory.kt:44)
	at maestro.android.AdbSocketFactory.createSocket(AdbSocketFactory.kt:19)
	at maestro.android.AdbSocketFactory.createSocket(AdbSocketFactory.kt:25)
	at io.grpc.okhttp.OkHttpClientTransport$3.run(OkHttpClientTransport.java:535)
	at io.grpc.internal.SerializingExecutor.run(SerializingExecutor.java:133)
	at java.base/java.util.concurrent.ThreadPoolExecutor.runWorker(ThreadPoolExecutor.java:1144)
	at java.base/java.util.concurrent.ThreadPoolExecutor$Worker.run(ThreadPoolExecutor.java:642)
	at java.base/java.lang.Thread.run(Thread.java:1583)


==== Debug output (logs & screenshots) ====

C:\Users\12503\.maestro\tests\2026-08-10_125914


===== STDERR =====

